// Jest Snapshot v1, https://goo.gl/fbAQLP

exports[`Pruebas en <FirstApp/> #2 debe hacer match en el snapshot 1`] = `
<div>
  <h1
    data-testid="test-title"
  >
    Hello world
  </h1>
  <p>
    No hay subtitulo
  </p>
  <p>
    No hay subtitulo
  </p>
  <p>
    Tamy Vivas
  </p>
</div>
`;
