// Jest Snapshot v1, https://goo.gl/fbAQLP

exports[`Pruebas en GifGrid debe de mostrar <GifGrid> correctamente 1`] = `
<Fragment>
  <h3
    className="animate__animated animate__fadeIn animate__faster"
  >
    Batman
  </h3>
  <p
    className="animate__animated animate__flash"
  >
    Loading...
  </p>
  <div
    className="card-grid"
  />
</Fragment>
`;
